src/compliance/fca-compliance-service.ts(266,9): error TS2353: Object literal may only specify known properties, and 'integrityHash' does not exist in type 'Omit<AuditEntry, "integrityHash">'.
src/zknaf/proof-generator.ts(10,26): error TS7016: Could not find a declaration file for module 'snarkjs'. 'C:/amttp/backend/oracle-service/node_modules/snarkjs/main.js' implicitly has an 'any' type.
  Try `npm i --save-dev @types/snarkjs` if it exists or add a new declaration (.d.ts) file containing `declare module 'snarkjs';`
src/zknaf/zknaf-service.ts(36,42): error TS2307: Cannot find module 'fastify' or its corresponding type declarations.
src/zknaf/zknaf-service.ts(37,18): error TS2307: Cannot find module '@fastify/cors' or its corresponding type declarations.
src/zknaf/zknaf-service.ts(40,26): error TS7016: Could not find a declaration file for module 'snarkjs'. 'C:/amttp/backend/oracle-service/node_modules/snarkjs/main.js' implicitly has an 'any' type.
  Try `npm i --save-dev @types/snarkjs` if it exists or add a new declaration (.d.ts) file containing `declare module 'snarkjs';`
src/zknaf/zknaf-service.ts(294,11): error TS2345: Argument of type '(a: string) => bigint' is not assignable to parameter of type '(value: unknown, index: number, array: unknown[]) => bigint'.
  Types of parameters 'a' and 'value' are incompatible.
    Type 'unknown' is not assignable to type 'string'.
src/zknaf/zknaf-service.ts(609,10): error TS7006: Parameter 'request' implicitly has an 'any' type.
src/zknaf/zknaf-service.ts(609,19): error TS7006: Parameter 'reply' implicitly has an 'any' type.
src/zknaf/zknaf-service.ts(673,10): error TS7006: Parameter 'request' implicitly has an 'any' type.
src/zknaf/zknaf-service.ts(706,10): error TS7006: Parameter 'request' implicitly has an 'any' type.
src/zknaf/zknaf-service.ts(706,19): error TS7006: Parameter 'reply' implicitly has an 'any' type.
src/zknaf/zknaf-service.ts(732,10): error TS7006: Parameter 'request' implicitly has an 'any' type.
src/zknaf/zknaf-service.ts(732,19): error TS7006: Parameter 'reply' implicitly has an 'any' type.
src/zknaf/zknaf-service.ts(758,10): error TS7006: Parameter 'request' implicitly has an 'any' type.
src/zknaf/zknaf-service.ts(758,19): error TS7006: Parameter 'reply' implicitly has an 'any' type.
src/zknaf/zknaf-service.ts(784,10): error TS7006: Parameter 'request' implicitly has an 'any' type.
src/zknaf/zknaf-service.ts(805,10): error TS7006: Parameter 'request' implicitly has an 'any' type.
